# Build Issues Fixed

## Issues Resolved:
1. ✅ Fixed react-scripts version from ^0.0.0 to ^5.0.1
2. ✅ Updated React from v19 to v18.2.0 (more stable)
3. ✅ Updated testing library versions to compatible versions
4. ✅ Added homepage field to fix deployment path
5. ✅ Updated ESLint to supported version 9.0.0
6. ✅ Updated react-syntax-highlighter to stable version

## Next Steps:
1. Run `npm install` to update dependencies
2. Run `npm run build` to test the build
3. Deploy to Vercel again

## Notes:
- The build should now work without the previous errors
- Deprecated package warnings will be reduced significantly
- Deployment path issues should be resolved